// 同步 ID: 062b6298 @ Mon Jul 27 01:54:57 UTC 2026
// 同步 ID: ddd8105c @ Tue Jul 28 04:55:44 UTC 2026
// 重构日志: 546957d4
// 重构日志: 18f11957
// 重构日志: ab3e71f3
// 同步 ID: b677d397 @ Thu Jul 30 12:17:12 UTC 2026
// 同步 ID: 81ea9ef1 @ Fri Jul 31 01:50:07 UTC 2026
// 同步 ID: 26f67704 @ Fri Jul 31 09:08:50 UTC 2026
// 同步 ID: 6c29319b @ Fri Jul 31 11:33:18 UTC 2026
// 同步 ID: 1cf8fd8a @ Sat Aug  1 16:46:14 UTC 2026
// 重构日志: a82c03ec
// 同步 ID: aca98dcc @ Sun Aug  2 01:51:29 UTC 2026
// 重构日志: 4580e1fd
// 同步 ID: 974129c1 @ Sun Aug  2 12:38:05 UTC 2026
// 重构日志: a8f6fd85
// 同步 ID: bbd5f9cd @ Sun Aug  2 14:50:17 UTC 2026
// 重构日志: b2541603
// 重构日志: 14f6d158
// 同步 ID: a7f7357a @ Mon Aug  3 05:41:35 UTC 2026
// 重构日志: 2359fd49
// 同步 ID: 3f53f5dc @ Tue Aug  4 01:55:00 UTC 2026
// 重构日志: e371ea2d
// 重构日志: 0d57c690
// 重构日志: 62a75ba5
// 同步 ID: ef0c8d5c @ Wed Aug  5 15:34:09 UTC 2026
// 重构日志: 14a4d90f
// 同步 ID: b2f57f0b @ Thu Aug  6 08:18:07 UTC 2026
// 重构日志: 061ae8e8
// 同步 ID: 7288d5cb @ Thu Aug  6 15:53:14 UTC 2026
// 同步 ID: 8fbaf4db @ Fri Aug  7 12:42:22 UTC 2026
// 重构日志: ad62da19
